10.33.0.13 - - [02/Jan/2023:18:12:47 +0000] "GET /api/socket.io/?EIO=4&transport=polling&t=OLphpsW&sid=VXmd7KCkmQm689l0AAAE HTTP/2.0" 200 1 "https://bazarr.projet-ayman.duckdns.org/series" "Mozilla/5.0 (X11; Ubuntu; Linux x86_64; rv:108.0) Gecko/20100101 Firefox/108.0"
10.33.0.13 - - [02/Jan/2023:18:12:47 +0000] "POST /api/socket.io/?EIO=4&transport=polling&t=OLphvz-&sid=VXmd7KCkmQm689l0AAAE HTTP/2.0" 200 2 "https://bazarr.projet-ayman.duckdns.org/series" "Mozilla/5.0 (X11; Ubuntu; Linux x86_64; rv:108.0) Gecko/20100101 Firefox/108.0"
10.33.0.13 - ayman [02/Jan/2023:18:12:49 +0000] "POST /api/v1/applications/test HTTP/2.0" 499 0 "https://prowlarr.projet-ayman.duckdns.org/settings/applications" "Mozilla/5.0 (X11; Ubuntu; Linux x86_64; rv:108.0) Gecko/20100101 Firefox/108.0"
10.33.0.13 - - [02/Jan/2023:18:12:51 +0000] "GET /api/v3/command HTTP/2.0" 200 1009 "https://sonarr.projet-ayman.duckdns.org/" "Mozilla/5.0 (X11; Ubuntu; Linux x86_64; rv:108.0) Gecko/20100101 Firefox/108.0"
10.33.0.13 - - [02/Jan/2023:18:12:57 +0000] "GET /api/v3/command HTTP/2.0" 200 1009 "https://sonarr.projet-ayman.duckdns.org/" "Mozilla/5.0 (X11; Ubuntu; Linux x86_64; rv:108.0) Gecko/20100101 Firefox/108.0"
10.33.0.13 - - [02/Jan/2023:18:13:12 +0000] "GET /api/socket.io/?EIO=4&transport=polling&t=OLphvz-.0&sid=VXmd7KCkmQm689l0AAAE HTTP/2.0" 200 1 "https://bazarr.projet-ayman.duckdns.org/series" "Mozilla/5.0 (X11; Ubuntu; Linux x86_64; rv:108.0) Gecko/20100101 Firefox/108.0"
10.33.0.13 - - [02/Jan/2023:18:13:12 +0000] "POST /api/socket.io/?EIO=4&transport=polling&t=OLpi05b&sid=VXmd7KCkmQm689l0AAAE HTTP/2.0" 200 2 "https://bazarr.projet-ayman.duckdns.org/series" "Mozilla/5.0 (X11; Ubuntu; Linux x86_64; rv:108.0) Gecko/20100101 Firefox/108.0"
10.33.0.13 - - [02/Jan/2023:18:13:37 +0000] "GET /api/socket.io/?EIO=4&transport=polling&t=OLpi05c&sid=VXmd7KCkmQm689l0AAAE HTTP/2.0" 200 1 "https://bazarr.projet-ayman.duckdns.org/series" "Mozilla/5.0 (X11; Ubuntu; Linux x86_64; rv:108.0) Gecko/20100101 Firefox/108.0"
10.33.0.13 - - [02/Jan/2023:18:13:37 +0000] "POST /api/socket.io/?EIO=4&transport=polling&t=OLpi6D2&sid=VXmd7KCkmQm689l0AAAE HTTP/2.0" 200 2 "https://bazarr.projet-ayman.duckdns.org/series" "Mozilla/5.0 (X11; Ubuntu; Linux x86_64; rv:108.0) Gecko/20100101 Firefox/108.0"
10.33.0.13 - - [02/Jan/2023:18:13:46 +0000] "GET /api/v3/queue/details HTTP/2.0" 200 6 "https://radarr.projet-ayman.duckdns.org/" "Mozilla/5.0 (X11; Ubuntu; Linux x86_64; rv:108.0) Gecko/20100101 Firefox/108.0"
10.33.0.13 - - [02/Jan/2023:18:13:46 +0000] "GET /api/v3/queue/details HTTP/2.0" 200 6 "https://radarr.projet-ayman.duckdns.org/" "Mozilla/5.0 (X11; Ubuntu; Linux x86_64; rv:108.0) Gecko/20100101 Firefox/108.0"
10.33.0.13 - - [02/Jan/2023:18:13:46 +0000] "GET /api/v3/command HTTP/2.0" 200 1139 "https://radarr.projet-ayman.duckdns.org/" "Mozilla/5.0 (X11; Ubuntu; Linux x86_64; rv:108.0) Gecko/20100101 Firefox/108.0"
10.33.0.13 - - [02/Jan/2023:18:13:46 +0000] "GET /api/v3/command HTTP/2.0" 200 1139 "https://radarr.projet-ayman.duckdns.org/" "Mozilla/5.0 (X11; Ubuntu; Linux x86_64; rv:108.0) Gecko/20100101 Firefox/108.0"
10.33.0.13 - - [02/Jan/2023:18:13:54 +0000] "GET /api/v1/settings/public HTTP/2.0" 304 0 "https://overseerr.projet-ayman.duckdns.org/tv/135814" "Mozilla/5.0 (X11; Ubuntu; Linux x86_64; rv:108.0) Gecko/20100101 Firefox/108.0"
10.33.0.13 - - [02/Jan/2023:18:13:54 +0000] "GET /api/v1/media/6/watch_data HTTP/2.0" 404 42 "https://overseerr.projet-ayman.duckdns.org/tv/135814" "Mozilla/5.0 (X11; Ubuntu; Linux x86_64; rv:108.0) Gecko/20100101 Firefox/108.0"
10.33.0.13 - - [02/Jan/2023:18:13:54 +0000] "GET /api/v1/tv/135814/recommendations?page=1 HTTP/2.0" 304 0 "https://overseerr.projet-ayman.duckdns.org/tv/135814" "Mozilla/5.0 (X11; Ubuntu; Linux x86_64; rv:108.0) Gecko/20100101 Firefox/108.0"
10.33.0.13 - - [02/Jan/2023:18:13:54 +0000] "GET /api/v1/tv/135814/similar?page=1 HTTP/2.0" 200 13048 "https://overseerr.projet-ayman.duckdns.org/tv/135814" "Mozilla/5.0 (X11; Ubuntu; Linux x86_64; rv:108.0) Gecko/20100101 Firefox/108.0"
10.33.0.13 - - [02/Jan/2023:18:13:54 +0000] "GET /api/v1/auth/me HTTP/2.0" 304 0 "https://overseerr.projet-ayman.duckdns.org/tv/135814" "Mozilla/5.0 (X11; Ubuntu; Linux x86_64; rv:108.0) Gecko/20100101 Firefox/108.0"
10.33.0.13 - - [02/Jan/2023:18:13:54 +0000] "GET /api/v1/tv/135814 HTTP/2.0" 200 25753 "https://overseerr.projet-ayman.duckdns.org/tv/135814" "Mozilla/5.0 (X11; Ubuntu; Linux x86_64; rv:108.0) Gecko/20100101 Firefox/108.0"
10.33.0.13 - - [02/Jan/2023:18:13:54 +0000] "GET /api/v1/status HTTP/2.0" 304 0 "https://overseerr.projet-ayman.duckdns.org/tv/135814" "Mozilla/5.0 (X11; Ubuntu; Linux x86_64; rv:108.0) Gecko/20100101 Firefox/108.0"
10.33.0.13 - - [02/Jan/2023:18:13:54 +0000] "GET /api/v1/tv/135814/ratings HTTP/2.0" 500 48 "https://overseerr.projet-ayman.duckdns.org/tv/135814" "Mozilla/5.0 (X11; Ubuntu; Linux x86_64; rv:108.0) Gecko/20100101 Firefox/108.0"
10.33.0.13 - - [02/Jan/2023:18:13:59 +0000] "GET /api/v1/media/6/watch_data HTTP/2.0" 404 42 "https://overseerr.projet-ayman.duckdns.org/tv/135814" "Mozilla/5.0 (X11; Ubuntu; Linux x86_64; rv:108.0) Gecko/20100101 Firefox/108.0"
10.33.0.13 - - [02/Jan/2023:18:14:02 +0000] "GET /api/socket.io/?EIO=4&transport=polling&t=OLpi6D3&sid=VXmd7KCkmQm689l0AAAE HTTP/2.0" 200 1 "https://bazarr.projet-ayman.duckdns.org/series" "Mozilla/5.0 (X11; Ubuntu; Linux x86_64; rv:108.0) Gecko/20100101 Firefox/108.0"
10.33.0.13 - - [02/Jan/2023:18:14:02 +0000] "POST /api/socket.io/?EIO=4&transport=polling&t=OLpiCKY&sid=VXmd7KCkmQm689l0AAAE HTTP/2.0" 200 2 "https://bazarr.projet-ayman.duckdns.org/settings/subtitles" "Mozilla/5.0 (X11; Ubuntu; Linux x86_64; rv:108.0) Gecko/20100101 Firefox/108.0"
10.33.0.13 - - [02/Jan/2023:18:14:04 +0000] "GET /api/v1/tv/135814/ratings HTTP/2.0" 500 48 "https://overseerr.projet-ayman.duckdns.org/tv/135814" "Mozilla/5.0 (X11; Ubuntu; Linux x86_64; rv:108.0) Gecko/20100101 Firefox/108.0"
10.33.0.13 - - [02/Jan/2023:18:14:22 +0000] "GET /api/v3/command HTTP/2.0" 200 1103 "https://sonarr.projet-ayman.duckdns.org/" "Mozilla/5.0 (X11; Ubuntu; Linux x86_64; rv:108.0) Gecko/20100101 Firefox/108.0"
10.33.0.13 - - [02/Jan/2023:18:14:27 +0000] "GET /api/v3/command HTTP/2.0" 200 1103 "https://sonarr.projet-ayman.duckdns.org/" "Mozilla/5.0 (X11; Ubuntu; Linux x86_64; rv:108.0) Gecko/20100101 Firefox/108.0"
10.33.0.13 - - [02/Jan/2023:18:14:27 +0000] "GET /api/socket.io/?EIO=4&transport=polling&t=OLpiCKZ&sid=VXmd7KCkmQm689l0AAAE HTTP/2.0" 200 1 "https://bazarr.projet-ayman.duckdns.org/settings/subtitles" "Mozilla/5.0 (X11; Ubuntu; Linux x86_64; rv:108.0) Gecko/20100101 Firefox/108.0"
10.33.0.13 - - [02/Jan/2023:18:14:27 +0000] "POST /api/socket.io/?EIO=4&transport=polling&t=OLpiIRv&sid=VXmd7KCkmQm689l0AAAE HTTP/2.0" 200 2 "https://bazarr.projet-ayman.duckdns.org/settings/sonarr" "Mozilla/5.0 (X11; Ubuntu; Linux x86_64; rv:108.0) Gecko/20100101 Firefox/108.0"
10.33.0.13 - ayman [02/Jan/2023:18:14:36 +0000] "POST /api/v1/applications/test HTTP/2.0" 500 6277 "https://prowlarr.projet-ayman.duckdns.org/settings/applications" "Mozilla/5.0 (X11; Ubuntu; Linux x86_64; rv:108.0) Gecko/20100101 Firefox/108.0"
10.33.0.13 - - [02/Jan/2023:18:14:40 +0000] "GET /test/http/https://sonarr.projet-ayman.duckdns.org/:8989/api/system/status?apikey=ebaaff0ed9304ed09a195cac01d0b281 HTTP/2.0" 200 399 "https://bazarr.projet-ayman.duckdns.org/settings/sonarr" "Mozilla/5.0 (X11; Ubuntu; Linux x86_64; rv:108.0) Gecko/20100101 Firefox/108.0"
10.33.0.13 - - [02/Jan/2023:18:14:45 +0000] "GET /test/http/https://sonarr.projet-ayman.duckdns.org/:8989/api/v3/system/status?apikey=ebaaff0ed9304ed09a195cac01d0b281 HTTP/2.0" 200 402 "https://bazarr.projet-ayman.duckdns.org/settings/sonarr" "Mozilla/5.0 (X11; Ubuntu; Linux x86_64; rv:108.0) Gecko/20100101 Firefox/108.0"
10.33.0.13 - - [02/Jan/2023:18:14:52 +0000] "GET /api/socket.io/?EIO=4&transport=polling&t=OLpiIRw&sid=VXmd7KCkmQm689l0AAAE HTTP/2.0" 200 1 "https://bazarr.projet-ayman.duckdns.org/settings/sonarr" "Mozilla/5.0 (X11; Ubuntu; Linux x86_64; rv:108.0) Gecko/20100101 Firefox/108.0"
10.33.0.13 - - [02/Jan/2023:18:14:52 +0000] "POST /api/socket.io/?EIO=4&transport=polling&t=OLpiOZH&sid=VXmd7KCkmQm689l0AAAE HTTP/2.0" 200 2 "https://bazarr.projet-ayman.duckdns.org/settings/sonarr" "Mozilla/5.0 (X11; Ubuntu; Linux x86_64; rv:108.0) Gecko/20100101 Firefox/108.0"
10.33.0.13 - - [02/Jan/2023:18:14:56 +0000] "GET /test/http/https://sonarr.projet-ayman.duckdns.org:8989/api/system/status?apikey=ebaaff0ed9304ed09a195cac01d0b281 HTTP/2.0" 200 398 "https://bazarr.projet-ayman.duckdns.org/settings/sonarr" "Mozilla/5.0 (X11; Ubuntu; Linux x86_64; rv:108.0) Gecko/20100101 Firefox/108.0"
10.33.0.13 - - [02/Jan/2023:18:14:57 +0000] "GET /test/http/sonarr.projet-ayman.duckdns.org:8989/api/system/status?apikey=ebaaff0ed9304ed09a195cac01d0b281 HTTP/2.0" 200 48 "https://bazarr.projet-ayman.duckdns.org/settings/sonarr" "Mozilla/5.0 (X11; Ubuntu; Linux x86_64; rv:108.0) Gecko/20100101 Firefox/108.0"
10.33.0.13 - - [02/Jan/2023:18:14:57 +0000] "GET /test/http/sonarr.projet-ayman.duckdns.org:8989/api/system/status?apikey=ebaaff0ed9304ed09a195cac01d0b281 HTTP/2.0" 200 48 "https://bazarr.projet-ayman.duckdns.org/settings/sonarr" "Mozilla/5.0 (X11; Ubuntu; Linux x86_64; rv:108.0) Gecko/20100101 Firefox/108.0"
10.33.0.13 - - [02/Jan/2023:18:15:01 +0000] "GET /test/http/https://sonarr.projet-ayman.duckdns.org:8989/api/v3/system/status?apikey=ebaaff0ed9304ed09a195cac01d0b281 HTTP/2.0" 200 401 "https://bazarr.projet-ayman.duckdns.org/settings/sonarr" "Mozilla/5.0 (X11; Ubuntu; Linux x86_64; rv:108.0) Gecko/20100101 Firefox/108.0"
10.33.0.13 - - [02/Jan/2023:18:15:05 +0000] "GET /test/http/sonarr.projet-ayman.duckdns.org:8989/api/system/status?apikey=ebaaff0ed9304ed09a195cac01d0b281 HTTP/2.0" 200 48 "https://bazarr.projet-ayman.duckdns.org/settings/sonarr" "Mozilla/5.0 (X11; Ubuntu; Linux x86_64; rv:108.0) Gecko/20100101 Firefox/108.0"
10.33.0.13 - - [02/Jan/2023:18:15:10 +0000] "GET /test/http/sonarr.projet-ayman.duckdns.org:8989/api/system/status?apikey=ebaaff0ed9304ed09a195cac01d0b281 HTTP/2.0" 200 48 "https://bazarr.projet-ayman.duckdns.org/settings/sonarr" "Mozilla/5.0 (X11; Ubuntu; Linux x86_64; rv:108.0) Gecko/20100101 Firefox/108.0"
10.33.0.13 - - [02/Jan/2023:18:15:16 +0000] "GET /api/v3/queue/details HTTP/2.0" 200 6 "https://radarr.projet-ayman.duckdns.org/" "Mozilla/5.0 (X11; Ubuntu; Linux x86_64; rv:108.0) Gecko/20100101 Firefox/108.0"
10.33.0.13 - - [02/Jan/2023:18:15:16 +0000] "GET /api/v3/queue/details HTTP/2.0" 200 6 "https://radarr.projet-ayman.duckdns.org/" "Mozilla/5.0 (X11; Ubuntu; Linux x86_64; rv:108.0) Gecko/20100101 Firefox/108.0"
10.33.0.13 - - [02/Jan/2023:18:15:16 +0000] "GET /api/v3/command HTTP/2.0" 200 1216 "https://radarr.projet-ayman.duckdns.org/" "Mozilla/5.0 (X11; Ubuntu; Linux x86_64; rv:108.0) Gecko/20100101 Firefox/108.0"
10.33.0.13 - - [02/Jan/2023:18:15:16 +0000] "GET /api/v3/command HTTP/2.0" 200 1216 "https://radarr.projet-ayman.duckdns.org/" "Mozilla/5.0 (X11; Ubuntu; Linux x86_64; rv:108.0) Gecko/20100101 Firefox/108.0"
10.33.0.13 - - [02/Jan/2023:18:15:17 +0000] "GET /api/socket.io/?EIO=4&transport=polling&t=OLpiOZI&sid=VXmd7KCkmQm689l0AAAE HTTP/2.0" 200 1 "https://bazarr.projet-ayman.duckdns.org/settings/sonarr" "Mozilla/5.0 (X11; Ubuntu; Linux x86_64; rv:108.0) Gecko/20100101 Firefox/108.0"
10.33.0.13 - - [02/Jan/2023:18:15:18 +0000] "POST /api/socket.io/?EIO=4&transport=polling&t=OLpiUj4&sid=VXmd7KCkmQm689l0AAAE HTTP/2.0" 200 2 "https://bazarr.projet-ayman.duckdns.org/settings/sonarr" "Mozilla/5.0 (X11; Ubuntu; Linux x86_64; rv:108.0) Gecko/20100101 Firefox/108.0"
10.33.0.13 - - [02/Jan/2023:18:15:27 +0000] "GET /api/socket.io/?EIO=4&transport=polling&t=OLpiUj5&sid=VXmd7KCkmQm689l0AAAE HTTP/2.0" 200 61 "https://bazarr.projet-ayman.duckdns.org/settings/sonarr" "Mozilla/5.0 (X11; Ubuntu; Linux x86_64; rv:108.0) Gecko/20100101 Firefox/108.0"
10.33.0.13 - - [02/Jan/2023:18:15:27 +0000] "POST /api/system/settings HTTP/2.0" 204 0 "https://bazarr.projet-ayman.duckdns.org/settings/sonarr" "Mozilla/5.0 (X11; Ubuntu; Linux x86_64; rv:108.0) Gecko/20100101 Firefox/108.0"
10.33.0.13 - - [02/Jan/2023:18:15:27 +0000] "GET /api/socket.io/?EIO=4&transport=polling&t=OLpiX2w&sid=VXmd7KCkmQm689l0AAAE HTTP/2.0" 200 125 "https://bazarr.projet-ayman.duckdns.org/settings/sonarr" "Mozilla/5.0 (X11; Ubuntu; Linux x86_64; rv:108.0) Gecko/20100101 Firefox/108.0"
10.33.0.13 - - [02/Jan/2023:18:15:27 +0000] "GET /api/socket.io/?EIO=4&transport=polling&t=OLpiX5S&sid=VXmd7KCkmQm689l0AAAE HTTP/2.0" 200 119 "https://bazarr.projet-ayman.duckdns.org/settings/sonarr" "Mozilla/5.0 (X11; Ubuntu; Linux x86_64; rv:108.0) Gecko/20100101 Firefox/108.0"
10.33.0.13 - - [02/Jan/2023:18:15:27 +0000] "GET /api/socket.io/?EIO=4&transport=polling&t=OLpiX5w&sid=VXmd7KCkmQm689l0AAAE HTTP/2.0" 200 155 "https://bazarr.projet-ayman.duckdns.org/settings/sonarr" "Mozilla/5.0 (X11; Ubuntu; Linux x86_64; rv:108.0) Gecko/20100101 Firefox/108.0"
10.33.0.13 - - [02/Jan/2023:18:15:27 +0000] "GET /api/socket.io/?EIO=4&transport=polling&t=OLpiX6S&sid=VXmd7KCkmQm689l0AAAE HTTP/2.0" 200 157 "https://bazarr.projet-ayman.duckdns.org/settings/sonarr" "Mozilla/5.0 (X11; Ubuntu; Linux x86_64; rv:108.0) Gecko/20100101 Firefox/108.0"
10.33.0.13 - - [02/Jan/2023:18:15:28 +0000] "GET /api/socket.io/?EIO=4&transport=polling&t=OLpiX7b&sid=VXmd7KCkmQm689l0AAAE HTTP/2.0" 200 78 "https://bazarr.projet-ayman.duckdns.org/settings/sonarr" "Mozilla/5.0 (X11; Ubuntu; Linux x86_64; rv:108.0) Gecko/20100101 Firefox/108.0"
10.33.0.13 - - [02/Jan/2023:18:15:28 +0000] "GET /api/socket.io/?EIO=4&transport=polling&t=OLpiX8Z&sid=VXmd7KCkmQm689l0AAAE HTTP/2.0" 200 502 "https://bazarr.projet-ayman.duckdns.org/settings/sonarr" "Mozilla/5.0 (X11; Ubuntu; Linux x86_64; rv:108.0) Gecko/20100101 Firefox/108.0"
10.33.0.13 - - [02/Jan/2023:18:15:29 +0000] "GET /api/badges HTTP/2.0" 200 110 "https://bazarr.projet-ayman.duckdns.org/settings/radarr" "Mozilla/5.0 (X11; Ubuntu; Linux x86_64; rv:108.0) Gecko/20100101 Firefox/108.0"
10.33.0.13 - - [02/Jan/2023:18:15:29 +0000] "GET /api/system/settings HTTP/2.0" 200 11174 "https://bazarr.projet-ayman.duckdns.org/settings/radarr" "Mozilla/5.0 (X11; Ubuntu; Linux x86_64; rv:108.0) Gecko/20100101 Firefox/108.0"
10.33.0.13 - - [02/Jan/2023:18:15:37 +0000] "GET /test/http/sonarr.projet-ayman.duckdns.org:8989/api/system/status?apikey=ebaaff0ed9304ed09a195cac01d0b281 HTTP/2.0" 200 48 "https://bazarr.projet-ayman.duckdns.org/settings/sonarr" "Mozilla/5.0 (X11; Ubuntu; Linux x86_64; rv:108.0) Gecko/20100101 Firefox/108.0"
10.33.0.13 - - [02/Jan/2023:18:15:43 +0000] "GET /api/socket.io/?EIO=4&transport=polling&t=OLpiX98&sid=VXmd7KCkmQm689l0AAAE HTTP/2.0" 200 1 "https://bazarr.projet-ayman.duckdns.org/settings/sonarr" "Mozilla/5.0 (X11; Ubuntu; Linux x86_64; rv:108.0) Gecko/20100101 Firefox/108.0"
10.33.0.13 - - [02/Jan/2023:18:15:43 +0000] "POST /api/socket.io/?EIO=4&transport=polling&t=OLpiaqp&sid=VXmd7KCkmQm689l0AAAE HTTP/2.0" 200 2 "https://bazarr.projet-ayman.duckdns.org/settings/radarr" "Mozilla/5.0 (X11; Ubuntu; Linux x86_64; rv:108.0) Gecko/20100101 Firefox/108.0"
10.33.0.13 - - [02/Jan/2023:18:15:46 +0000] "GET /api/v1/status HTTP/2.0" 304 0 "https://overseerr.projet-ayman.duckdns.org/tv/135814" "Mozilla/5.0 (X11; Ubuntu; Linux x86_64; rv:108.0) Gecko/20100101 Firefox/108.0"
10.33.0.13 - - [02/Jan/2023:18:15:46 +0000] "GET /api/v1/settings/public HTTP/2.0" 304 0 "https://overseerr.projet-ayman.duckdns.org/tv/135814" "Mozilla/5.0 (X11; Ubuntu; Linux x86_64; rv:108.0) Gecko/20100101 Firefox/108.0"
10.33.0.13 - - [02/Jan/2023:18:15:46 +0000] "GET /api/v1/media/6/watch_data HTTP/2.0" 404 42 "https://overseerr.projet-ayman.duckdns.org/tv/135814" "Mozilla/5.0 (X11; Ubuntu; Linux x86_64; rv:108.0) Gecko/20100101 Firefox/108.0"
10.33.0.13 - - [02/Jan/2023:18:15:46 +0000] "GET /api/v1/auth/me HTTP/2.0" 304 0 "https://overseerr.projet-ayman.duckdns.org/tv/135814" "Mozilla/5.0 (X11; Ubuntu; Linux x86_64; rv:108.0) Gecko/20100101 Firefox/108.0"
10.33.0.13 - - [02/Jan/2023:18:15:46 +0000] "GET /api/v1/tv/135814 HTTP/2.0" 304 0 "https://overseerr.projet-ayman.duckdns.org/tv/135814" "Mozilla/5.0 (X11; Ubuntu; Linux x86_64; rv:108.0) Gecko/20100101 Firefox/108.0"
10.33.0.13 - - [02/Jan/2023:18:15:46 +0000] "GET /api/v1/tv/135814/recommendations?page=1 HTTP/2.0" 304 0 "https://overseerr.projet-ayman.duckdns.org/tv/135814" "Mozilla/5.0 (X11; Ubuntu; Linux x86_64; rv:108.0) Gecko/20100101 Firefox/108.0"
10.33.0.13 - - [02/Jan/2023:18:15:46 +0000] "GET /api/v1/tv/135814/similar?page=1 HTTP/2.0" 304 0 "https://overseerr.projet-ayman.duckdns.org/tv/135814" "Mozilla/5.0 (X11; Ubuntu; Linux x86_64; rv:108.0) Gecko/20100101 Firefox/108.0"
10.33.0.13 - - [02/Jan/2023:18:15:46 +0000] "GET /api/v1/tv/135814/ratings HTTP/2.0" 500 48 "https://overseerr.projet-ayman.duckdns.org/tv/135814" "Mozilla/5.0 (X11; Ubuntu; Linux x86_64; rv:108.0) Gecko/20100101 Firefox/108.0"
10.33.0.13 - - [02/Jan/2023:18:15:51 +0000] "GET /api/v3/command HTTP/2.0" 200 1192 "https://sonarr.projet-ayman.duckdns.org/" "Mozilla/5.0 (X11; Ubuntu; Linux x86_64; rv:108.0) Gecko/20100101 Firefox/108.0"
10.33.0.13 - - [02/Jan/2023:18:15:52 +0000] "GET /api/v1/media/6/watch_data HTTP/2.0" 404 42 "https://overseerr.projet-ayman.duckdns.org/tv/135814" "Mozilla/5.0 (X11; Ubuntu; Linux x86_64; rv:108.0) Gecko/20100101 Firefox/108.0"
10.33.0.13 - - [02/Jan/2023:18:15:52 +0000] "GET /api/v1/tv/135814/ratings HTTP/2.0" 500 48 "https://overseerr.projet-ayman.duckdns.org/tv/135814" "Mozilla/5.0 (X11; Ubuntu; Linux x86_64; rv:108.0) Gecko/20100101 Firefox/108.0"
10.33.0.13 - - [02/Jan/2023:18:15:54 +0000] "GET /test/http/radarr.projet-ayman.duckdns.org:7878/api/system/status?apikey=0ed509f5dc044935a4f0111907fc691b HTTP/2.0" 200 91 "https://bazarr.projet-ayman.duckdns.org/settings/radarr" "Mozilla/5.0 (X11; Ubuntu; Linux x86_64; rv:108.0) Gecko/20100101 Firefox/108.0"
10.33.0.13 - - [02/Jan/2023:18:15:54 +0000] "GET /test/http/radarr.projet-ayman.duckdns.org:7878/api/v3/system/status?apikey=0ed509f5dc044935a4f0111907fc691b HTTP/2.0" 200 48 "https://bazarr.projet-ayman.duckdns.org/settings/radarr" "Mozilla/5.0 (X11; Ubuntu; Linux x86_64; rv:108.0) Gecko/20100101 Firefox/108.0"
10.33.0.13 - - [02/Jan/2023:18:15:57 +0000] "GET /api/v3/command HTTP/2.0" 200 1192 "https://sonarr.projet-ayman.duckdns.org/" "Mozilla/5.0 (X11; Ubuntu; Linux x86_64; rv:108.0) Gecko/20100101 Firefox/108.0"
10.33.0.13 - - [02/Jan/2023:18:16:08 +0000] "GET /api/socket.io/?EIO=4&transport=polling&t=OLpiaqq&sid=VXmd7KCkmQm689l0AAAE HTTP/2.0" 200 1 "https://bazarr.projet-ayman.duckdns.org/settings/radarr" "Mozilla/5.0 (X11; Ubuntu; Linux x86_64; rv:108.0) Gecko/20100101 Firefox/108.0"
10.33.0.13 - - [02/Jan/2023:18:16:08 +0000] "POST /api/socket.io/?EIO=4&transport=polling&t=OLpigym&sid=VXmd7KCkmQm689l0AAAE HTTP/2.0" 200 2 "https://bazarr.projet-ayman.duckdns.org/settings/radarr" "Mozilla/5.0 (X11; Ubuntu; Linux x86_64; rv:108.0) Gecko/20100101 Firefox/108.0"
10.33.0.13 - - [02/Jan/2023:18:16:33 +0000] "GET /api/socket.io/?EIO=4&transport=polling&t=OLpigyn&sid=VXmd7KCkmQm689l0AAAE HTTP/2.0" 200 1 "https://bazarr.projet-ayman.duckdns.org/settings/radarr" "Mozilla/5.0 (X11; Ubuntu; Linux x86_64; rv:108.0) Gecko/20100101 Firefox/108.0"
10.33.0.13 - - [02/Jan/2023:18:16:33 +0000] "POST /api/socket.io/?EIO=4&transport=polling&t=OLpin4F&sid=VXmd7KCkmQm689l0AAAE HTTP/2.0" 200 2 "https://bazarr.projet-ayman.duckdns.org/settings/radarr" "Mozilla/5.0 (X11; Ubuntu; Linux x86_64; rv:108.0) Gecko/20100101 Firefox/108.0"
10.33.0.13 - - [02/Jan/2023:18:16:46 +0000] "GET /api/v3/queue/details HTTP/2.0" 200 6 "https://radarr.projet-ayman.duckdns.org/" "Mozilla/5.0 (X11; Ubuntu; Linux x86_64; rv:108.0) Gecko/20100101 Firefox/108.0"
10.33.0.13 - - [02/Jan/2023:18:16:46 +0000] "GET /api/v3/queue/details HTTP/2.0" 200 6 "https://radarr.projet-ayman.duckdns.org/" "Mozilla/5.0 (X11; Ubuntu; Linux x86_64; rv:108.0) Gecko/20100101 Firefox/108.0"
10.33.0.13 - - [02/Jan/2023:18:16:46 +0000] "GET /api/v3/command HTTP/2.0" 200 1296 "https://radarr.projet-ayman.duckdns.org/" "Mozilla/5.0 (X11; Ubuntu; Linux x86_64; rv:108.0) Gecko/20100101 Firefox/108.0"
10.33.0.13 - - [02/Jan/2023:18:16:46 +0000] "GET /api/v3/command HTTP/2.0" 200 1296 "https://radarr.projet-ayman.duckdns.org/" "Mozilla/5.0 (X11; Ubuntu; Linux x86_64; rv:108.0) Gecko/20100101 Firefox/108.0"
10.33.0.13 - - [02/Jan/2023:18:16:47 +0000] "GET /api/v3/health HTTP/2.0" 200 339 "https://radarr.projet-ayman.duckdns.org/" "Mozilla/5.0 (X11; Ubuntu; Linux x86_64; rv:108.0) Gecko/20100101 Firefox/108.0"
10.33.0.13 - ayman [02/Jan/2023:18:16:49 +0000] "POST /api/v1/applications/test HTTP/2.0" 400 368 "https://prowlarr.projet-ayman.duckdns.org/settings/applications" "Mozilla/5.0 (X11; Ubuntu; Linux x86_64; rv:108.0) Gecko/20100101 Firefox/108.0"
10.33.0.13 - - [02/Jan/2023:18:16:58 +0000] "GET /api/socket.io/?EIO=4&transport=polling&t=OLpin4F.0&sid=VXmd7KCkmQm689l0AAAE HTTP/2.0" 200 1 "https://bazarr.projet-ayman.duckdns.org/settings/radarr" "Mozilla/5.0 (X11; Ubuntu; Linux x86_64; rv:108.0) Gecko/20100101 Firefox/108.0"
10.33.0.13 - - [02/Jan/2023:18:16:58 +0000] "POST /api/socket.io/?EIO=4&transport=polling&t=OLpitBf&sid=VXmd7KCkmQm689l0AAAE HTTP/2.0" 200 2 "https://bazarr.projet-ayman.duckdns.org/settings/radarr" "Mozilla/5.0 (X11; Ubuntu; Linux x86_64; rv:108.0) Gecko/20100101 Firefox/108.0"
172.27.0.1 - - [02/Jan/2023:18:17:07 +0000] "GET /api/v3/indexer/schema HTTP/1.1" 200 29637 "-" "Prowlarr/1.0.1.2210 (alpine 3.17.0)"
172.27.0.1 - - [02/Jan/2023:18:17:08 +0000] "GET /0/api?t=caps&apikey=b8e93c4f70e3455ea11c4d7d43ddd633 HTTP/1.1" 200 3982 "-" "Radarr/4.2.4.6635 (linuxmusl )"
172.27.0.1 - - [02/Jan/2023:18:17:09 +0000] "GET /0/api?t=movie&cat=2000,2010,2020,2030,2040,2045,2050,2060,2070,2080&extended=1&apikey=b8e93c4f70e3455ea11c4d7d43ddd633&offset=0&limit=100 HTTP/1.1" 200 617 "-" "Radarr/4.2.4.6635 (linuxmusl )"
172.27.0.1 - - [02/Jan/2023:18:17:09 +0000] "POST /api/v3/indexer/test HTTP/1.1" 200 16 "-" "Prowlarr/1.0.1.2210 (alpine 3.17.0)"
10.33.0.13 - ayman [02/Jan/2023:18:17:09 +0000] "POST /api/v1/applications/test HTTP/2.0" 200 6 "https://prowlarr.projet-ayman.duckdns.org/settings/applications" "Mozilla/5.0 (X11; Ubuntu; Linux x86_64; rv:108.0) Gecko/20100101 Firefox/108.0"
10.33.0.13 - ayman [02/Jan/2023:18:17:09 +0000] "GET /api/v1/health HTTP/2.0" 200 6 "https://prowlarr.projet-ayman.duckdns.org/settings/applications" "Mozilla/5.0 (X11; Ubuntu; Linux x86_64; rv:108.0) Gecko/20100101 Firefox/108.0"
10.33.0.13 - ayman [02/Jan/2023:18:17:09 +0000] "GET /api/v1/health HTTP/2.0" 200 6 "https://prowlarr.projet-ayman.duckdns.org/settings/applications" "Mozilla/5.0 (X11; Ubuntu; Linux x86_64; rv:108.0) Gecko/20100101 Firefox/108.0"
172.27.0.1 - - [02/Jan/2023:18:17:13 +0000] "GET /0/api?t=movie&cat=2000,2010,2020,2030,2040,2045,2050,2060,2070,2080&extended=1&apikey=b8e93c4f70e3455ea11c4d7d43ddd633&offset=0&limit=100 HTTP/1.1" 200 617 "-" "Radarr/4.2.4.6635 (linuxmusl )"
172.27.0.1 - - [02/Jan/2023:18:17:13 +0000] "POST /api/v3/indexer/test HTTP/1.1" 200 16 "-" "Prowlarr/1.0.1.2210 (alpine 3.17.0)"
10.33.0.13 - ayman [02/Jan/2023:18:17:13 +0000] "GET /api/v1/health HTTP/2.0" 200 6 "https://prowlarr.projet-ayman.duckdns.org/settings/applications" "Mozilla/5.0 (X11; Ubuntu; Linux x86_64; rv:108.0) Gecko/20100101 Firefox/108.0"
10.33.0.13 - ayman [02/Jan/2023:18:17:13 +0000] "PUT /api/v1/applications/1? HTTP/2.0" 202 1828 "https://prowlarr.projet-ayman.duckdns.org/settings/applications" "Mozilla/5.0 (X11; Ubuntu; Linux x86_64; rv:108.0) Gecko/20100101 Firefox/108.0"
172.27.0.1 - - [02/Jan/2023:18:17:13 +0000] "GET /api/v3/indexer HTTP/1.1" 200 5654 "-" "Prowlarr/1.0.1.2210 (alpine 3.17.0)"
172.27.0.1 - - [02/Jan/2023:18:17:13 +0000] "GET /api/v3/indexer/1 HTTP/1.1" 200 1830 "-" "Prowlarr/1.0.1.2210 (alpine 3.17.0)"
172.27.0.1 - - [02/Jan/2023:18:17:13 +0000] "GET /1/api?t=caps&apikey=b8e93c4f70e3455ea11c4d7d43ddd633 HTTP/1.1" 200 1375 "-" "Radarr/4.2.4.6635 (linuxmusl )"
172.27.0.1 - - [02/Jan/2023:18:17:15 +0000] "GET /1/api?t=movie&cat=2000&extended=1&apikey=b8e93c4f70e3455ea11c4d7d43ddd633&offset=0&limit=100 HTTP/1.1" 200 14878 "-" "Radarr/4.2.4.6635 (linuxmusl )"
172.27.0.1 - - [02/Jan/2023:18:17:15 +0000] "PUT /api/v3/indexer/1 HTTP/1.1" 202 1835 "-" "Prowlarr/1.0.1.2210 (alpine 3.17.0)"
10.33.0.13 - - [02/Jan/2023:18:17:15 +0000] "GET /api/v3/health HTTP/2.0" 200 305 "https://radarr.projet-ayman.duckdns.org/" "Mozilla/5.0 (X11; Ubuntu; Linux x86_64; rv:108.0) Gecko/20100101 Firefox/108.0"
172.27.0.1 - - [02/Jan/2023:18:17:15 +0000] "GET /api/v3/indexer/2 HTTP/1.1" 200 1828 "-" "Prowlarr/1.0.1.2210 (alpine 3.17.0)"
10.33.0.13 - - [02/Jan/2023:18:17:15 +0000] "GET /api/v3/health HTTP/2.0" 200 305 "https://radarr.projet-ayman.duckdns.org/" "Mozilla/5.0 (X11; Ubuntu; Linux x86_64; rv:108.0) Gecko/20100101 Firefox/108.0"
172.27.0.1 - - [02/Jan/2023:18:17:15 +0000] "GET /2/api?t=caps&apikey=b8e93c4f70e3455ea11c4d7d43ddd633 HTTP/1.1" 200 1277 "-" "Radarr/4.2.4.6635 (linuxmusl )"
10.33.0.13 - - [02/Jan/2023:18:17:16 +0000] "GET /api/v3/command HTTP/2.0" 200 732 "https://radarr.projet-ayman.duckdns.org/" "Mozilla/5.0 (X11; Ubuntu; Linux x86_64; rv:108.0) Gecko/20100101 Firefox/108.0"
172.27.0.1 - - [02/Jan/2023:18:17:17 +0000] "GET /2/api?t=movie&cat=2000&extended=1&apikey=b8e93c4f70e3455ea11c4d7d43ddd633&offset=0&limit=100 HTTP/1.1" 200 24323 "-" "Radarr/4.2.4.6635 (linuxmusl )"
172.27.0.1 - - [02/Jan/2023:18:17:17 +0000] "PUT /api/v3/indexer/2 HTTP/1.1" 202 1834 "-" "Prowlarr/1.0.1.2210 (alpine 3.17.0)"
172.27.0.1 - - [02/Jan/2023:18:17:17 +0000] "GET /api/v3/indexer/3 HTTP/1.1" 200 1833 "-" "Prowlarr/1.0.1.2210 (alpine 3.17.0)"
10.33.0.13 - - [02/Jan/2023:18:17:17 +0000] "GET /api/v3/health HTTP/2.0" 200 304 "https://radarr.projet-ayman.duckdns.org/" "Mozilla/5.0 (X11; Ubuntu; Linux x86_64; rv:108.0) Gecko/20100101 Firefox/108.0"
10.33.0.13 - - [02/Jan/2023:18:17:17 +0000] "GET /api/v3/health HTTP/2.0" 200 304 "https://radarr.projet-ayman.duckdns.org/" "Mozilla/5.0 (X11; Ubuntu; Linux x86_64; rv:108.0) Gecko/20100101 Firefox/108.0"
172.27.0.1 - - [02/Jan/2023:18:17:17 +0000] "GET /3/api?t=caps&apikey=b8e93c4f70e3455ea11c4d7d43ddd633 HTTP/1.1" 200 1375 "-" "Radarr/4.2.4.6635 (linuxmusl )"
172.27.0.1 - - [02/Jan/2023:18:17:17 +0000] "GET /3/api?t=movie&cat=2000&extended=1&apikey=b8e93c4f70e3455ea11c4d7d43ddd633&offset=0&limit=100 HTTP/1.1" 200 17800 "-" "Radarr/4.2.4.6635 (linuxmusl )"
172.27.0.1 - - [02/Jan/2023:18:17:18 +0000] "PUT /api/v3/indexer/3 HTTP/1.1" 202 1836 "-" "Prowlarr/1.0.1.2210 (alpine 3.17.0)"
172.27.0.1 - - [02/Jan/2023:18:17:18 +0000] "GET /api/v3/indexer/4 HTTP/1.1" 200 1830 "-" "Prowlarr/1.0.1.2210 (alpine 3.17.0)"
10.33.0.13 - - [02/Jan/2023:18:17:18 +0000] "GET /api/v3/health HTTP/2.0" 200 291 "https://radarr.projet-ayman.duckdns.org/" "Mozilla/5.0 (X11; Ubuntu; Linux x86_64; rv:108.0) Gecko/20100101 Firefox/108.0"
10.33.0.13 - - [02/Jan/2023:18:17:18 +0000] "GET /api/v3/health HTTP/2.0" 200 291 "https://radarr.projet-ayman.duckdns.org/" "Mozilla/5.0 (X11; Ubuntu; Linux x86_64; rv:108.0) Gecko/20100101 Firefox/108.0"
172.27.0.1 - - [02/Jan/2023:18:17:18 +0000] "GET /4/api?t=caps&apikey=b8e93c4f70e3455ea11c4d7d43ddd633 HTTP/1.1" 200 1377 "-" "Radarr/4.2.4.6635 (linuxmusl )"
172.27.0.1 - - [02/Jan/2023:18:17:18 +0000] "GET /4/api?t=movie&cat=2000&extended=1&apikey=b8e93c4f70e3455ea11c4d7d43ddd633&offset=0&limit=100 HTTP/1.1" 200 47225 "-" "Radarr/4.2.4.6635 (linuxmusl )"
172.27.0.1 - - [02/Jan/2023:18:17:18 +0000] "PUT /api/v3/indexer/4 HTTP/1.1" 202 1835 "-" "Prowlarr/1.0.1.2210 (alpine 3.17.0)"
10.33.0.13 - - [02/Jan/2023:18:17:18 +0000] "GET /api/v3/health HTTP/2.0" 200 170 "https://radarr.projet-ayman.duckdns.org/" "Mozilla/5.0 (X11; Ubuntu; Linux x86_64; rv:108.0) Gecko/20100101 Firefox/108.0"
10.33.0.13 - - [02/Jan/2023:18:17:18 +0000] "GET /api/v3/health HTTP/2.0" 200 170 "https://radarr.projet-ayman.duckdns.org/" "Mozilla/5.0 (X11; Ubuntu; Linux x86_64; rv:108.0) Gecko/20100101 Firefox/108.0"
10.33.0.13 - - [02/Jan/2023:18:17:21 +0000] "GET /api/v3/command HTTP/2.0" 200 727 "https://sonarr.projet-ayman.duckdns.org/" "Mozilla/5.0 (X11; Ubuntu; Linux x86_64; rv:108.0) Gecko/20100101 Firefox/108.0"
10.33.0.13 - - [02/Jan/2023:18:17:22 +0000] "GET /api/v3/command HTTP/2.0" 200 813 "https://sonarr.projet-ayman.duckdns.org/" "Mozilla/5.0 (X11; Ubuntu; Linux x86_64; rv:108.0) Gecko/20100101 Firefox/108.0"
10.33.0.13 - - [02/Jan/2023:18:17:22 +0000] "GET /api/v3/command HTTP/2.0" 200 813 "https://sonarr.projet-ayman.duckdns.org/" "Mozilla/5.0 (X11; Ubuntu; Linux x86_64; rv:108.0) Gecko/20100101 Firefox/108.0"
10.33.0.13 - - [02/Jan/2023:18:17:23 +0000] "GET /api/socket.io/?EIO=4&transport=polling&t=OLpitBh&sid=VXmd7KCkmQm689l0AAAE HTTP/2.0" 200 1 "https://bazarr.projet-ayman.duckdns.org/settings/radarr" "Mozilla/5.0 (X11; Ubuntu; Linux x86_64; rv:108.0) Gecko/20100101 Firefox/108.0"
10.33.0.13 - - [02/Jan/2023:18:17:23 +0000] "POST /api/socket.io/?EIO=4&transport=polling&t=OLpizJA&sid=VXmd7KCkmQm689l0AAAE HTTP/2.0" 200 2 "https://bazarr.projet-ayman.duckdns.org/settings/radarr" "Mozilla/5.0 (X11; Ubuntu; Linux x86_64; rv:108.0) Gecko/20100101 Firefox/108.0"
10.33.0.13 - - [02/Jan/2023:18:17:27 +0000] "GET /api/v3/health HTTP/2.0" 200 332 "https://sonarr.projet-ayman.duckdns.org/" "Mozilla/5.0 (X11; Ubuntu; Linux x86_64; rv:108.0) Gecko/20100101 Firefox/108.0"
10.33.0.13 - - [02/Jan/2023:18:17:28 +0000] "GET /signalr/ping?apiKey=ebaaff0ed9304ed09a195cac01d0b281&_=1672682545022 HTTP/2.0" 200 22 "https://sonarr.projet-ayman.duckdns.org/" "Mozilla/5.0 (X11; Ubuntu; Linux x86_64; rv:108.0) Gecko/20100101 Firefox/108.0"
10.33.0.13 - - [02/Jan/2023:18:17:48 +0000] "GET /api/v1/status HTTP/2.0" 304 0 "https://overseerr.projet-ayman.duckdns.org/tv/135814" "Mozilla/5.0 (X11; Ubuntu; Linux x86_64; rv:108.0) Gecko/20100101 Firefox/108.0"
10.33.0.13 - - [02/Jan/2023:18:17:48 +0000] "GET /api/v1/settings/public HTTP/2.0" 304 0 "https://overseerr.projet-ayman.duckdns.org/tv/135814" "Mozilla/5.0 (X11; Ubuntu; Linux x86_64; rv:108.0) Gecko/20100101 Firefox/108.0"
10.33.0.13 - - [02/Jan/2023:18:17:48 +0000] "GET /api/v1/media/6/watch_data HTTP/2.0" 404 42 "https://overseerr.projet-ayman.duckdns.org/tv/135814" "Mozilla/5.0 (X11; Ubuntu; Linux x86_64; rv:108.0) Gecko/20100101 Firefox/108.0"
10.33.0.13 - - [02/Jan/2023:18:17:48 +0000] "GET /api/v1/tv/135814/similar?page=1 HTTP/2.0" 304 0 "https://overseerr.projet-ayman.duckdns.org/tv/135814" "Mozilla/5.0 (X11; Ubuntu; Linux x86_64; rv:108.0) Gecko/20100101 Firefox/108.0"
10.33.0.13 - - [02/Jan/2023:18:17:48 +0000] "GET /api/v1/tv/135814/recommendations?page=1 HTTP/2.0" 304 0 "https://overseerr.projet-ayman.duckdns.org/tv/135814" "Mozilla/5.0 (X11; Ubuntu; Linux x86_64; rv:108.0) Gecko/20100101 Firefox/108.0"
10.33.0.13 - - [02/Jan/2023:18:17:48 +0000] "GET /api/v1/auth/me HTTP/2.0" 304 0 "https://overseerr.projet-ayman.duckdns.org/tv/135814" "Mozilla/5.0 (X11; Ubuntu; Linux x86_64; rv:108.0) Gecko/20100101 Firefox/108.0"
10.33.0.13 - - [02/Jan/2023:18:17:48 +0000] "GET /api/v1/tv/135814 HTTP/2.0" 304 0 "https://overseerr.projet-ayman.duckdns.org/tv/135814" "Mozilla/5.0 (X11; Ubuntu; Linux x86_64; rv:108.0) Gecko/20100101 Firefox/108.0"
10.33.0.13 - - [02/Jan/2023:18:17:48 +0000] "GET /api/socket.io/?EIO=4&transport=polling&t=OLpizJB&sid=VXmd7KCkmQm689l0AAAE HTTP/2.0" 200 1 "https://bazarr.projet-ayman.duckdns.org/settings/radarr" "Mozilla/5.0 (X11; Ubuntu; Linux x86_64; rv:108.0) Gecko/20100101 Firefox/108.0"
10.33.0.13 - - [02/Jan/2023:18:17:48 +0000] "GET /api/v1/tv/135814/ratings HTTP/2.0" 500 48 "https://overseerr.projet-ayman.duckdns.org/tv/135814" "Mozilla/5.0 (X11; Ubuntu; Linux x86_64; rv:108.0) Gecko/20100101 Firefox/108.0"
10.33.0.13 - - [02/Jan/2023:18:17:48 +0000] "POST /api/socket.io/?EIO=4&transport=polling&t=OLpj3Qf&sid=VXmd7KCkmQm689l0AAAE HTTP/2.0" 200 2 "https://bazarr.projet-ayman.duckdns.org/settings/radarr" "Mozilla/5.0 (X11; Ubuntu; Linux x86_64; rv:108.0) Gecko/20100101 Firefox/108.0"
10.33.0.13 - - [02/Jan/2023:18:17:50 +0000] "GET /api/v1/auth/me HTTP/2.0" 200 453 "https://overseerr.projet-ayman.duckdns.org/tv/135814" "Mozilla/5.0 (X11; Ubuntu; Linux x86_64; rv:108.0) Gecko/20100101 Firefox/108.0"
10.33.0.13 - - [02/Jan/2023:18:17:52 +0000] "GET /api/v3/command HTTP/2.0" 200 892 "https://sonarr.projet-ayman.duckdns.org/" "Mozilla/5.0 (X11; Ubuntu; Linux x86_64; rv:108.0) Gecko/20100101 Firefox/108.0"
172.27.0.1 - - [02/Jan/2023:18:17:56 +0000] "GET /api/v3/indexer/schema HTTP/1.1" 200 3877 "-" "Prowlarr/1.0.1.2210 (alpine 3.17.0)"
172.27.0.1 - - [02/Jan/2023:18:17:57 +0000] "GET /0/api?t=caps&apikey=b8e93c4f70e3455ea11c4d7d43ddd633 HTTP/1.1" 200 3982 "-" "Sonarr/3.0.9.1549 (ubuntu 20.04)"
172.27.0.1 - - [02/Jan/2023:18:17:57 +0000] "GET /0/api?t=tvsearch&cat=5000,5010,5020,5030,5040,5045,5050,5070&extended=1&apikey=b8e93c4f70e3455ea11c4d7d43ddd633&offset=0&limit=100 HTTP/1.1" 200 617 "-" "Sonarr/3.0.9.1549 (ubuntu 20.04)"
172.27.0.1 - - [02/Jan/2023:18:17:57 +0000] "POST /api/v3/indexer/test HTTP/1.1" 200 33 "-" "Prowlarr/1.0.1.2210 (alpine 3.17.0)"
10.33.0.13 - ayman [02/Jan/2023:18:17:57 +0000] "POST /api/v1/applications/test HTTP/2.0" 200 6 "https://prowlarr.projet-ayman.duckdns.org/settings/applications" "Mozilla/5.0 (X11; Ubuntu; Linux x86_64; rv:108.0) Gecko/20100101 Firefox/108.0"
10.33.0.13 - ayman [02/Jan/2023:18:17:57 +0000] "GET /api/v1/health HTTP/2.0" 200 6 "https://prowlarr.projet-ayman.duckdns.org/settings/applications" "Mozilla/5.0 (X11; Ubuntu; Linux x86_64; rv:108.0) Gecko/20100101 Firefox/108.0"
10.33.0.13 - - [02/Jan/2023:18:17:59 +0000] "GET /api/v1/media/6/watch_data HTTP/2.0" 404 42 "https://overseerr.projet-ayman.duckdns.org/tv/135814" "Mozilla/5.0 (X11; Ubuntu; Linux x86_64; rv:108.0) Gecko/20100101 Firefox/108.0"
172.27.0.1 - - [02/Jan/2023:18:17:59 +0000] "GET /0/api?t=tvsearch&cat=5000,5010,5020,5030,5040,5045,5050,5070&extended=1&apikey=b8e93c4f70e3455ea11c4d7d43ddd633&offset=0&limit=100 HTTP/1.1" 200 617 "-" "Sonarr/3.0.9.1549 (ubuntu 20.04)"
172.27.0.1 - - [02/Jan/2023:18:17:59 +0000] "POST /api/v3/indexer/test HTTP/1.1" 200 33 "-" "Prowlarr/1.0.1.2210 (alpine 3.17.0)"
10.33.0.13 - ayman [02/Jan/2023:18:17:59 +0000] "PUT /api/v1/applications/2? HTTP/2.0" 202 2886 "https://prowlarr.projet-ayman.duckdns.org/settings/applications" "Mozilla/5.0 (X11; Ubuntu; Linux x86_64; rv:108.0) Gecko/20100101 Firefox/108.0"
10.33.0.13 - ayman [02/Jan/2023:18:17:59 +0000] "GET /api/v1/health HTTP/2.0" 200 6 "https://prowlarr.projet-ayman.duckdns.org/settings/applications" "Mozilla/5.0 (X11; Ubuntu; Linux x86_64; rv:108.0) Gecko/20100101 Firefox/108.0"
172.27.0.1 - - [02/Jan/2023:18:17:59 +0000] "GET /api/v3/indexer HTTP/1.1" 200 1049 "-" "Prowlarr/1.0.1.2210 (alpine 3.17.0)"
172.27.0.1 - - [02/Jan/2023:18:17:59 +0000] "GET /api/v3/indexer/1 HTTP/1.1" 200 875 "-" "Prowlarr/1.0.1.2210 (alpine 3.17.0)"
172.27.0.1 - - [02/Jan/2023:18:17:59 +0000] "GET /1/api?t=caps&apikey=b8e93c4f70e3455ea11c4d7d43ddd633 HTTP/1.1" 200 1375 "-" "Sonarr/3.0.9.1549 (ubuntu 20.04)"
172.27.0.1 - - [02/Jan/2023:18:18:00 +0000] "GET /1/api?t=tvsearch&cat=5000,5070&extended=1&apikey=b8e93c4f70e3455ea11c4d7d43ddd633&offset=0&limit=100 HTTP/1.1" 200 29882 "-" "Sonarr/3.0.9.1549 (ubuntu 20.04)"
10.33.0.13 - - [02/Jan/2023:18:18:00 +0000] "GET /api/v1/tv/135814/ratings HTTP/2.0" 500 48 "https://overseerr.projet-ayman.duckdns.org/tv/135814" "Mozilla/5.0 (X11; Ubuntu; Linux x86_64; rv:108.0) Gecko/20100101 Firefox/108.0"
172.27.0.1 - - [02/Jan/2023:18:18:00 +0000] "PUT /api/v3/indexer/1 HTTP/1.1" 202 881 "-" "Prowlarr/1.0.1.2210 (alpine 3.17.0)"
172.27.0.1 - - [02/Jan/2023:18:18:00 +0000] "GET /api/v3/indexer/2 HTTP/1.1" 200 871 "-" "Prowlarr/1.0.1.2210 (alpine 3.17.0)"
172.27.0.1 - - [02/Jan/2023:18:18:00 +0000] "GET /2/api?t=caps&apikey=b8e93c4f70e3455ea11c4d7d43ddd633 HTTP/1.1" 200 1277 "-" "Sonarr/3.0.9.1549 (ubuntu 20.04)"
10.33.0.13 - - [02/Jan/2023:18:18:00 +0000] "GET /api/v3/health HTTP/2.0" 200 271 "https://sonarr.projet-ayman.duckdns.org/" "Mozilla/5.0 (X11; Ubuntu; Linux x86_64; rv:108.0) Gecko/20100101 Firefox/108.0"
10.33.0.13 - - [02/Jan/2023:18:18:00 +0000] "GET /api/v3/health HTTP/2.0" 200 271 "https://sonarr.projet-ayman.duckdns.org/" "Mozilla/5.0 (X11; Ubuntu; Linux x86_64; rv:108.0) Gecko/20100101 Firefox/108.0"
172.27.0.1 - - [02/Jan/2023:18:18:01 +0000] "GET /2/api?t=tvsearch&cat=5000&extended=1&apikey=b8e93c4f70e3455ea11c4d7d43ddd633&offset=0&limit=100 HTTP/1.1" 200 25235 "-" "Sonarr/3.0.9.1549 (ubuntu 20.04)"
172.27.0.1 - - [02/Jan/2023:18:18:01 +0000] "PUT /api/v3/indexer/2 HTTP/1.1" 202 877 "-" "Prowlarr/1.0.1.2210 (alpine 3.17.0)"
172.27.0.1 - - [02/Jan/2023:18:18:01 +0000] "GET /api/v3/indexer/3 HTTP/1.1" 200 877 "-" "Prowlarr/1.0.1.2210 (alpine 3.17.0)"
172.27.0.1 - - [02/Jan/2023:18:18:02 +0000] "GET /3/api?t=caps&apikey=b8e93c4f70e3455ea11c4d7d43ddd633 HTTP/1.1" 200 1375 "-" "Sonarr/3.0.9.1549 (ubuntu 20.04)"
10.33.0.13 - - [02/Jan/2023:18:18:02 +0000] "GET /api/v3/health HTTP/2.0" 200 270 "https://sonarr.projet-ayman.duckdns.org/" "Mozilla/5.0 (X11; Ubuntu; Linux x86_64; rv:108.0) Gecko/20100101 Firefox/108.0"
172.27.0.1 - - [02/Jan/2023:18:18:02 +0000] "GET /3/api?t=tvsearch&cat=5000,5070&extended=1&apikey=b8e93c4f70e3455ea11c4d7d43ddd633&offset=0&limit=100 HTTP/1.1" 200 35685 "-" "Sonarr/3.0.9.1549 (ubuntu 20.04)"
172.27.0.1 - - [02/Jan/2023:18:18:02 +0000] "PUT /api/v3/indexer/3 HTTP/1.1" 202 882 "-" "Prowlarr/1.0.1.2210 (alpine 3.17.0)"
172.27.0.1 - - [02/Jan/2023:18:18:02 +0000] "GET /api/v3/indexer/4 HTTP/1.1" 200 874 "-" "Prowlarr/1.0.1.2210 (alpine 3.17.0)"
172.27.0.1 - - [02/Jan/2023:18:18:02 +0000] "GET /4/api?t=caps&apikey=b8e93c4f70e3455ea11c4d7d43ddd633 HTTP/1.1" 200 1377 "-" "Sonarr/3.0.9.1549 (ubuntu 20.04)"
10.33.0.13 - - [02/Jan/2023:18:18:03 +0000] "GET /api/v3/health HTTP/2.0" 200 262 "https://sonarr.projet-ayman.duckdns.org/" "Mozilla/5.0 (X11; Ubuntu; Linux x86_64; rv:108.0) Gecko/20100101 Firefox/108.0"
10.33.0.13 - - [02/Jan/2023:18:18:03 +0000] "GET /api/v3/health HTTP/2.0" 200 262 "https://sonarr.projet-ayman.duckdns.org/" "Mozilla/5.0 (X11; Ubuntu; Linux x86_64; rv:108.0) Gecko/20100101 Firefox/108.0"
10.33.0.13 - - [02/Jan/2023:18:18:03 +0000] "GET /api/v3/health HTTP/2.0" 200 262 "https://sonarr.projet-ayman.duckdns.org/" "Mozilla/5.0 (X11; Ubuntu; Linux x86_64; rv:108.0) Gecko/20100101 Firefox/108.0"
172.27.0.1 - - [02/Jan/2023:18:18:03 +0000] "GET /4/api?t=tvsearch&cat=5000,5070&extended=1&apikey=b8e93c4f70e3455ea11c4d7d43ddd633&offset=0&limit=100 HTTP/1.1" 200 26544 "-" "Sonarr/3.0.9.1549 (ubuntu 20.04)"
172.27.0.1 - - [02/Jan/2023:18:18:03 +0000] "PUT /api/v3/indexer/4 HTTP/1.1" 202 879 "-" "Prowlarr/1.0.1.2210 (alpine 3.17.0)"
10.33.0.13 - - [02/Jan/2023:18:18:03 +0000] "GET /api/v3/health HTTP/2.0" 200 163 "https://sonarr.projet-ayman.duckdns.org/" "Mozilla/5.0 (X11; Ubuntu; Linux x86_64; rv:108.0) Gecko/20100101 Firefox/108.0"
10.33.0.13 - - [02/Jan/2023:18:18:03 +0000] "GET /api/v3/health HTTP/2.0" 200 163 "https://sonarr.projet-ayman.duckdns.org/" "Mozilla/5.0 (X11; Ubuntu; Linux x86_64; rv:108.0) Gecko/20100101 Firefox/108.0"
10.33.0.13 - - [02/Jan/2023:18:18:13 +0000] "GET /api/socket.io/?EIO=4&transport=polling&t=OLpj3Qg&sid=VXmd7KCkmQm689l0AAAE HTTP/2.0" 200 1 "https://bazarr.projet-ayman.duckdns.org/settings/radarr" "Mozilla/5.0 (X11; Ubuntu; Linux x86_64; rv:108.0) Gecko/20100101 Firefox/108.0"
10.33.0.13 - - [02/Jan/2023:18:18:13 +0000] "POST /api/socket.io/?EIO=4&transport=polling&t=OLpj9Xx&sid=VXmd7KCkmQm689l0AAAE HTTP/2.0" 200 2 "https://bazarr.projet-ayman.duckdns.org/settings/radarr" "Mozilla/5.0 (X11; Ubuntu; Linux x86_64; rv:108.0) Gecko/20100101 Firefox/108.0"
10.33.0.13 - ayman [02/Jan/2023:18:18:14 +0000] "GET /api/v1/command HTTP/2.0" 200 383 "https://prowlarr.projet-ayman.duckdns.org/settings/applications" "Mozilla/5.0 (X11; Ubuntu; Linux x86_64; rv:108.0) Gecko/20100101 Firefox/108.0"
10.33.0.13 - - [02/Jan/2023:18:18:16 +0000] "GET /api/v3/queue/details HTTP/2.0" 200 6 "https://radarr.projet-ayman.duckdns.org/" "Mozilla/5.0 (X11; Ubuntu; Linux x86_64; rv:108.0) Gecko/20100101 Firefox/108.0"
10.33.0.13 - - [02/Jan/2023:18:18:16 +0000] "GET /api/v3/queue/details HTTP/2.0" 200 6 "https://radarr.projet-ayman.duckdns.org/" "Mozilla/5.0 (X11; Ubuntu; Linux x86_64; rv:108.0) Gecko/20100101 Firefox/108.0"
10.33.0.13 - - [02/Jan/2023:18:18:16 +0000] "GET /api/v3/command HTTP/2.0" 200 806 "https://radarr.projet-ayman.duckdns.org/" "Mozilla/5.0 (X11; Ubuntu; Linux x86_64; rv:108.0) Gecko/20100101 Firefox/108.0"
10.33.0.13 - - [02/Jan/2023:18:18:16 +0000] "GET /api/v3/command HTTP/2.0" 200 806 "https://radarr.projet-ayman.duckdns.org/" "Mozilla/5.0 (X11; Ubuntu; Linux x86_64; rv:108.0) Gecko/20100101 Firefox/108.0"
10.33.0.13 - - [02/Jan/2023:18:18:38 +0000] "GET /api/socket.io/?EIO=4&transport=polling&t=OLpj9Xx.0&sid=VXmd7KCkmQm689l0AAAE HTTP/2.0" 200 1 "https://bazarr.projet-ayman.duckdns.org/settings/radarr" "Mozilla/5.0 (X11; Ubuntu; Linux x86_64; rv:108.0) Gecko/20100101 Firefox/108.0"
10.33.0.13 - - [02/Jan/2023:18:18:38 +0000] "POST /api/socket.io/?EIO=4&transport=polling&t=OLpjFfH&sid=VXmd7KCkmQm689l0AAAE HTTP/2.0" 200 2 "https://bazarr.projet-ayman.duckdns.org/settings/radarr" "Mozilla/5.0 (X11; Ubuntu; Linux x86_64; rv:108.0) Gecko/20100101 Firefox/108.0"
10.33.0.13 - - [02/Jan/2023:18:18:52 +0000] "GET /api/v3/command HTTP/2.0" 200 982 "https://sonarr.projet-ayman.duckdns.org/" "Mozilla/5.0 (X11; Ubuntu; Linux x86_64; rv:108.0) Gecko/20100101 Firefox/108.0"
10.33.0.13 - - [02/Jan/2023:18:18:57 +0000] "GET /api/v3/command HTTP/2.0" 200 982 "https://sonarr.projet-ayman.duckdns.org/" "Mozilla/5.0 (X11; Ubuntu; Linux x86_64; rv:108.0) Gecko/20100101 Firefox/108.0"
10.33.0.13 - - [02/Jan/2023:18:19:03 +0000] "GET /api/socket.io/?EIO=4&transport=polling&t=OLpjFfI&sid=VXmd7KCkmQm689l0AAAE HTTP/2.0" 200 1 "https://bazarr.projet-ayman.duckdns.org/settings/radarr" "Mozilla/5.0 (X11; Ubuntu; Linux x86_64; rv:108.0) Gecko/20100101 Firefox/108.0"
10.33.0.13 - - [02/Jan/2023:18:19:03 +0000] "POST /api/socket.io/?EIO=4&transport=polling&t=OLpjLmk&sid=VXmd7KCkmQm689l0AAAE HTTP/2.0" 200 2 "https://bazarr.projet-ayman.duckdns.org/settings/radarr" "Mozilla/5.0 (X11; Ubuntu; Linux x86_64; rv:108.0) Gecko/20100101 Firefox/108.0"
10.33.0.13 - - [02/Jan/2023:18:19:28 +0000] "GET /api/socket.io/?EIO=4&transport=polling&t=OLpjLml&sid=VXmd7KCkmQm689l0AAAE HTTP/2.0" 200 1 "https://bazarr.projet-ayman.duckdns.org/settings/radarr" "Mozilla/5.0 (X11; Ubuntu; Linux x86_64; rv:108.0) Gecko/20100101 Firefox/108.0"
10.33.0.13 - - [02/Jan/2023:18:19:28 +0000] "POST /api/socket.io/?EIO=4&transport=polling&t=OLpjRu8&sid=VXmd7KCkmQm689l0AAAE HTTP/2.0" 200 2 "https://bazarr.projet-ayman.duckdns.org/settings/radarr" "Mozilla/5.0 (X11; Ubuntu; Linux x86_64; rv:108.0) Gecko/20100101 Firefox/108.0"
10.33.0.13 - - [02/Jan/2023:18:19:46 +0000] "GET /api/v3/queue/details HTTP/2.0" 200 6 "https://radarr.projet-ayman.duckdns.org/" "Mozilla/5.0 (X11; Ubuntu; Linux x86_64; rv:108.0) Gecko/20100101 Firefox/108.0"
10.33.0.13 - - [02/Jan/2023:18:19:46 +0000] "GET /api/v3/queue/details HTTP/2.0" 200 6 "https://radarr.projet-ayman.duckdns.org/" "Mozilla/5.0 (X11; Ubuntu; Linux x86_64; rv:108.0) Gecko/20100101 Firefox/108.0"
10.33.0.13 - - [02/Jan/2023:18:19:46 +0000] "GET /api/v3/command HTTP/2.0" 200 881 "https://radarr.projet-ayman.duckdns.org/" "Mozilla/5.0 (X11; Ubuntu; Linux x86_64; rv:108.0) Gecko/20100101 Firefox/108.0"
10.33.0.13 - - [02/Jan/2023:18:19:46 +0000] "GET /api/v3/command HTTP/2.0" 200 881 "https://radarr.projet-ayman.duckdns.org/" "Mozilla/5.0 (X11; Ubuntu; Linux x86_64; rv:108.0) Gecko/20100101 Firefox/108.0"
10.33.0.13 - - [02/Jan/2023:18:19:53 +0000] "GET /api/socket.io/?EIO=4&transport=polling&t=OLpjRu9&sid=VXmd7KCkmQm689l0AAAE HTTP/2.0" 200 1 "https://bazarr.projet-ayman.duckdns.org/settings/radarr" "Mozilla/5.0 (X11; Ubuntu; Linux x86_64; rv:108.0) Gecko/20100101 Firefox/108.0"
10.33.0.13 - - [02/Jan/2023:18:19:53 +0000] "POST /api/socket.io/?EIO=4&transport=polling&t=OLpjX_b&sid=VXmd7KCkmQm689l0AAAE HTTP/2.0" 200 2 "https://bazarr.projet-ayman.duckdns.org/settings/radarr" "Mozilla/5.0 (X11; Ubuntu; Linux x86_64; rv:108.0) Gecko/20100101 Firefox/108.0"
10.33.0.13 - ayman [02/Jan/2023:18:19:55 +0000] "GET /api/v1/appprofile HTTP/2.0" 200 126 "https://prowlarr.projet-ayman.duckdns.org/settings/applications" "Mozilla/5.0 (X11; Ubuntu; Linux x86_64; rv:108.0) Gecko/20100101 Firefox/108.0"
10.33.0.13 - ayman [02/Jan/2023:18:19:55 +0000] "GET /api/v1/applications HTTP/2.0" 200 4670 "https://prowlarr.projet-ayman.duckdns.org/settings/applications" "Mozilla/5.0 (X11; Ubuntu; Linux x86_64; rv:108.0) Gecko/20100101 Firefox/108.0"
10.33.0.13 - - [02/Jan/2023:18:20:10 +0000] "GET /MediaCover/5/fanart.jpg?lastWrite=638082797294576277 HTTP/2.0" 200 918666 "https://radarr.projet-ayman.duckdns.org/movie/436270" "Mozilla/5.0 (X11; Ubuntu; Linux x86_64; rv:108.0) Gecko/20100101 Firefox/108.0"
10.33.0.13 - - [02/Jan/2023:18:20:11 +0000] "GET /api/v3/blocklist/movie?movieId=5 HTTP/2.0" 200 6 "https://radarr.projet-ayman.duckdns.org/movie/436270" "Mozilla/5.0 (X11; Ubuntu; Linux x86_64; rv:108.0) Gecko/20100101 Firefox/108.0"
10.33.0.13 - - [02/Jan/2023:18:20:11 +0000] "GET /api/v3/queue/details?movieId=5 HTTP/2.0" 200 6 "https://radarr.projet-ayman.duckdns.org/movie/436270" "Mozilla/5.0 (X11; Ubuntu; Linux x86_64; rv:108.0) Gecko/20100101 Firefox/108.0"
10.33.0.13 - - [02/Jan/2023:18:20:11 +0000] "GET /api/v3/rootFolder HTTP/2.0" 200 126 "https://radarr.projet-ayman.duckdns.org/movie/436270" "Mozilla/5.0 (X11; Ubuntu; Linux x86_64; rv:108.0) Gecko/20100101 Firefox/108.0"
10.33.0.13 - - [02/Jan/2023:18:20:11 +0000] "GET /api/v3/extraFile?movieId=5 HTTP/2.0" 200 6 "https://radarr.projet-ayman.duckdns.org/movie/436270" "Mozilla/5.0 (X11; Ubuntu; Linux x86_64; rv:108.0) Gecko/20100101 Firefox/108.0"
10.33.0.13 - - [02/Jan/2023:18:20:11 +0000] "GET /api/v3/history/movie?movieId=5 HTTP/2.0" 200 6 "https://radarr.projet-ayman.duckdns.org/movie/436270" "Mozilla/5.0 (X11; Ubuntu; Linux x86_64; rv:108.0) Gecko/20100101 Firefox/108.0"
10.33.0.13 - - [02/Jan/2023:18:20:11 +0000] "GET /api/v3/movieFile?movieId=5 HTTP/2.0" 200 6 "https://radarr.projet-ayman.duckdns.org/movie/436270" "Mozilla/5.0 (X11; Ubuntu; Linux x86_64; rv:108.0) Gecko/20100101 Firefox/108.0"
10.33.0.13 - - [02/Jan/2023:18:20:11 +0000] "GET /api/v3/credit?movieId=5 HTTP/2.0" 200 4723 "https://radarr.projet-ayman.duckdns.org/movie/436270" "Mozilla/5.0 (X11; Ubuntu; Linux x86_64; rv:108.0) Gecko/20100101 Firefox/108.0"
10.33.0.13 - - [02/Jan/2023:18:20:11 +0000] "GET /api/v3/importlist/schema HTTP/2.0" 200 5804 "https://radarr.projet-ayman.duckdns.org/movie/436270" "Mozilla/5.0 (X11; Ubuntu; Linux x86_64; rv:108.0) Gecko/20100101 Firefox/108.0"
172.27.0.1 - - [02/Jan/2023:18:20:13 +0000] "GET /1/api?t=search&cat=2000&extended=1&apikey=b8e93c4f70e3455ea11c4d7d43ddd633&offset=0&limit=100&q=Black%20Adam%202022 HTTP/1.1" 200 20711 "-" "Radarr/4.2.4.6635 (linuxmusl )"
10.33.0.13 - - [02/Jan/2023:18:20:13 +0000] "GET /api/v3/health HTTP/2.0" 200 170 "https://radarr.projet-ayman.duckdns.org/movie/436270" "Mozilla/5.0 (X11; Ubuntu; Linux x86_64; rv:108.0) Gecko/20100101 Firefox/108.0"
172.27.0.1 - - [02/Jan/2023:18:20:14 +0000] "GET /3/api?t=search&cat=2000&extended=1&apikey=b8e93c4f70e3455ea11c4d7d43ddd633&offset=0&limit=100&q=Black%20Adam%202022 HTTP/1.1" 200 20725 "-" "Radarr/4.2.4.6635 (linuxmusl )"
172.27.0.1 - - [02/Jan/2023:18:20:14 +0000] "GET /4/api?t=search&cat=2000&extended=1&apikey=b8e93c4f70e3455ea11c4d7d43ddd633&offset=0&limit=100&q=Black%20Adam%202022 HTTP/1.1" 200 20530 "-" "Radarr/4.2.4.6635 (linuxmusl )"
10.33.0.13 - - [02/Jan/2023:18:20:14 +0000] "GET /api/v3/health HTTP/2.0" 200 170 "https://radarr.projet-ayman.duckdns.org/movie/436270" "Mozilla/5.0 (X11; Ubuntu; Linux x86_64; rv:108.0) Gecko/20100101 Firefox/108.0"
10.33.0.13 - - [02/Jan/2023:18:20:14 +0000] "GET /api/v3/health HTTP/2.0" 200 170 "https://radarr.projet-ayman.duckdns.org/movie/436270" "Mozilla/5.0 (X11; Ubuntu; Linux x86_64; rv:108.0) Gecko/20100101 Firefox/108.0"
10.33.0.13 - - [02/Jan/2023:18:20:18 +0000] "GET /api/socket.io/?EIO=4&transport=polling&t=OLpjX_c&sid=VXmd7KCkmQm689l0AAAE HTTP/2.0" 200 1 "https://bazarr.projet-ayman.duckdns.org/settings/radarr" "Mozilla/5.0 (X11; Ubuntu; Linux x86_64; rv:108.0) Gecko/20100101 Firefox/108.0"
10.33.0.13 - - [02/Jan/2023:18:20:18 +0000] "POST /api/socket.io/?EIO=4&transport=polling&t=OLpje6w&sid=VXmd7KCkmQm689l0AAAE HTTP/2.0" 200 2 "https://bazarr.projet-ayman.duckdns.org/settings/radarr" "Mozilla/5.0 (X11; Ubuntu; Linux x86_64; rv:108.0) Gecko/20100101 Firefox/108.0"
172.27.0.1 - - [02/Jan/2023:18:20:18 +0000] "GET /2/api?t=search&cat=2000&extended=1&apikey=b8e93c4f70e3455ea11c4d7d43ddd633&offset=0&limit=100&q=Black%20Adam%202022 HTTP/1.1" 200 32814 "-" "Radarr/4.2.4.6635 (linuxmusl )"
10.33.0.13 - - [02/Jan/2023:18:20:18 +0000] "GET /api/v3/health HTTP/2.0" 200 170 "https://radarr.projet-ayman.duckdns.org/movie/436270" "Mozilla/5.0 (X11; Ubuntu; Linux x86_64; rv:108.0) Gecko/20100101 Firefox/108.0"
10.33.0.13 - - [02/Jan/2023:18:20:20 +0000] "GET /api/v3/release?movieId=5 HTTP/2.0" 200 19363 "https://radarr.projet-ayman.duckdns.org/movie/436270" "Mozilla/5.0 (X11; Ubuntu; Linux x86_64; rv:108.0) Gecko/20100101 Firefox/108.0"
10.33.0.13 - - [02/Jan/2023:18:20:22 +0000] "GET /api/v3/command HTTP/2.0" 200 1077 "https://sonarr.projet-ayman.duckdns.org/" "Mozilla/5.0 (X11; Ubuntu; Linux x86_64; rv:108.0) Gecko/20100101 Firefox/108.0"
10.33.0.13 - - [02/Jan/2023:18:20:27 +0000] "GET /api/v3/command HTTP/2.0" 200 1077 "https://sonarr.projet-ayman.duckdns.org/" "Mozilla/5.0 (X11; Ubuntu; Linux x86_64; rv:108.0) Gecko/20100101 Firefox/108.0"
